neg/mon_2.png
neg/mon_3.png
neg/mon_4.png
neg/mon_6.png
neg/mon_7.png
neg/mon_10.png
neg/mon_11.png
neg/mon_12.png
neg/mon_13.png
neg/mon_17.png
neg/mon_18.png
neg/mon_19.png
neg/mon_20.png
neg/mon_25.png
neg/mon_27.png
neg/mon_28.png
neg/mon_29.png
neg/mon_33.png
neg/mon_34.png
neg/mon_36.png
neg/mon_40.png
neg/mon_42.png
neg/mon_43.png
neg/mon_47.png
neg/mon_49.png
neg/mon_51.png
neg/mon_52.png
neg/mon_54.png
neg/mon_56.png
neg/mon_61.png
neg/mon_62.png
neg/mon_64.png
neg/mon_70.png
neg/mon_73.png
neg/mon_77.png
neg/mon_78.png
neg/mon_79.png
neg/mon_81.png
neg/mon_82.png
neg/mon_85.png
neg/mon_87.png
neg/mon_96.png
neg/mon_100.png
neg/mon_102.png
neg/mon_103.png
neg/mon_106.png
neg/mon_113.png
neg/mon_114.png
neg/mon_115.png
neg/mon_116.png
neg/mon_117.png
neg/mon_122.png
neg/mon_123.png
neg/mon_124.png
neg/mon_126.png
neg/mon_127.png
neg/mon_128.png
neg/mon_129.png
neg/mon_130.png
neg/mon_132.png
neg/mon_133.png
neg/mon_140.png
neg/mon_142.png
neg/mon_146.png
neg/mon_151.png
neg/mon_153.png
neg/mon_160.png
neg/mon_162.png
neg/mon_164.png
neg/mon_170.png
neg/mon_174.png
neg/mon_176.png
neg/mon_177.png
neg/mon_183.png
neg/mon_189.png
neg/mon_192.png
neg/mon_194.png
neg/mon_196.png
neg/mon_201.png
neg/mon_205.png
neg/mon_209.png
neg/mon_211.png
neg/mon_212.png
neg/mon_215.png
neg/mon_217.png
neg/mon_218.png
neg/mon_220.png
neg/mon_223.png
neg/mon_224.png
neg/mon_225.png
neg/mon_227.png
neg/mon_228.png
neg/mon_230.png
neg/mon_232.png
neg/mon_233.png
neg/mon_234.png
neg/mon_237.png
neg/mon_239.png
neg/mon_240.png
neg/mon_241.png
neg/mon_252.png
neg/mon_257.png
neg/mon_260.png
neg/mon_261.png
neg/mon_263.png
neg/mon_264.png
neg/mon_265.png
