plantneg/p_1.png
plantneg/p_10.png
plantneg/p_102.png
plantneg/p_103.png
plantneg/p_105.png
plantneg/p_106.png
plantneg/p_107.png
plantneg/p_108.png
plantneg/p_109.png
plantneg/p_110.png
plantneg/p_111.png
plantneg/p_112.png
plantneg/p_113.png
plantneg/p_114.png
plantneg/p_115.png
plantneg/p_116.png
plantneg/p_118.png
plantneg/p_119.png
plantneg/p_12.png
plantneg/p_120.png
plantneg/p_122.png
plantneg/p_123.png
plantneg/p_124.png
plantneg/p_125.png
plantneg/p_126.png
plantneg/p_127.png
plantneg/p_128.png
plantneg/p_129.png
plantneg/p_130.png
plantneg/p_131.png
plantneg/p_132.png
plantneg/p_134.png
plantneg/p_135.png
plantneg/p_136.png
plantneg/p_137.png
plantneg/p_139.png
plantneg/p_14.png
plantneg/p_141.png
plantneg/p_142.png
plantneg/p_143.png
plantneg/p_144.png
plantneg/p_146.png
plantneg/p_147.png
plantneg/p_148.png
plantneg/p_149.png
plantneg/p_15.png
plantneg/p_151.png
plantneg/p_154.png
plantneg/p_156.png
plantneg/p_157.png
plantneg/p_158.png
plantneg/p_159.png
plantneg/p_16.png
plantneg/p_161.png
plantneg/p_163.png
plantneg/p_164.png
plantneg/p_165.png
plantneg/p_168.png
plantneg/p_169.png
plantneg/p_17.png
plantneg/p_170.png
plantneg/p_171.png
plantneg/p_172.png
plantneg/p_173.png
plantneg/p_175.png
plantneg/p_176.png
plantneg/p_178.png
plantneg/p_179.png
plantneg/p_18.png
plantneg/p_181.png
plantneg/p_182.png
plantneg/p_183.png
plantneg/p_184.png
plantneg/p_185.png
plantneg/p_186.png
plantneg/p_187.png
plantneg/p_189.png
plantneg/p_19.png
plantneg/p_190.png
plantneg/p_191.png
plantneg/p_192.png
plantneg/p_193.png
plantneg/p_195.png
plantneg/p_196.png
plantneg/p_198.png
plantneg/p_2.png
plantneg/p_20.png
plantneg/p_201.png
plantneg/p_202.png
plantneg/p_206.png
plantneg/p_208.png
plantneg/p_209.png
plantneg/p_21.png
plantneg/p_210.png
plantneg/p_213.png
plantneg/p_214.png
plantneg/p_215.png
plantneg/p_216.png
plantneg/p_218.png
plantneg/p_219.png
plantneg/p_22.png
plantneg/p_220.png
plantneg/p_222.png
plantneg/p_223.png
plantneg/p_225.png
plantneg/p_226.png
plantneg/p_227.png
plantneg/p_229.png
plantneg/p_23.png
plantneg/p_230.png
plantneg/p_231.png
plantneg/p_232.png
plantneg/p_233.png
plantneg/p_234.png
plantneg/p_237.png
plantneg/p_238.png
plantneg/p_239.png
plantneg/p_24.png
plantneg/p_240.png
plantneg/p_241.png
plantneg/p_242.png
plantneg/p_244.png
plantneg/p_245.png
plantneg/p_246.png
plantneg/p_247.png
plantneg/p_248.png
plantneg/p_249.png
plantneg/p_25.png
plantneg/p_250.png
plantneg/p_251.png
plantneg/p_253.png
plantneg/p_254.png
plantneg/p_255.png
plantneg/p_256.png
plantneg/p_257.png
plantneg/p_258.png
plantneg/p_259.png
plantneg/p_26.png
plantneg/p_260.png
plantneg/p_263.png
plantneg/p_265.png
plantneg/p_266.png
plantneg/p_267.png
plantneg/p_268.png
plantneg/p_27.png
plantneg/p_270.png
plantneg/p_272.png
plantneg/p_273.png
plantneg/p_274.png
plantneg/p_275.png
plantneg/p_276.png
plantneg/p_278.png
plantneg/p_279.png
plantneg/p_28.png
plantneg/p_280.png
plantneg/p_281.png
plantneg/p_282.png
plantneg/p_283.png
plantneg/p_285.png
plantneg/p_286.png
plantneg/p_287.png
plantneg/p_288.png
plantneg/p_289.png
plantneg/p_29.png
plantneg/p_290.png
plantneg/p_291.png
plantneg/p_294.png
plantneg/p_296.png
plantneg/p_297.png
plantneg/p_298.png
plantneg/p_299.png
plantneg/p_3.png
plantneg/p_30.png
plantneg/p_300.png
plantneg/p_301.png
plantneg/p_302.png
plantneg/p_303.png
plantneg/p_305.png
plantneg/p_306.png
plantneg/p_307.png
plantneg/p_308.png
plantneg/p_309.png
plantneg/p_31.png
plantneg/p_310.png
plantneg/p_313.png
plantneg/p_316.png
plantneg/p_317.png
plantneg/p_318.png
plantneg/p_319.png
plantneg/p_320.png
plantneg/p_322.png
plantneg/p_324.png
plantneg/p_325.png
plantneg/p_326.png
plantneg/p_327.png
plantneg/p_328.png
plantneg/p_329.png
plantneg/p_33.png
plantneg/p_330.png
plantneg/p_331.png
plantneg/p_332.png
plantneg/p_333.png
plantneg/p_334.png
plantneg/p_335.png
plantneg/p_336.png
plantneg/p_337.png
plantneg/p_338.png
plantneg/p_34.png
plantneg/p_340.png
plantneg/p_341.png
plantneg/p_343.png
plantneg/p_344.png
plantneg/p_345.png
plantneg/p_346.png
plantneg/p_347.png
plantneg/p_348.png
plantneg/p_349.png
plantneg/p_35.png
plantneg/p_350.png
plantneg/p_355.png
plantneg/p_356.png
plantneg/p_357.png
plantneg/p_358.png
plantneg/p_359.png
plantneg/p_36.png
plantneg/p_360.png
plantneg/p_361.png
plantneg/p_362.png
plantneg/p_363.png
plantneg/p_364.png
plantneg/p_365.png
plantneg/p_366.png
plantneg/p_367.png
plantneg/p_368.png
plantneg/p_369.png
plantneg/p_370.png
plantneg/p_371.png
plantneg/p_373.png
plantneg/p_374.png
plantneg/p_375.png
plantneg/p_376.png
plantneg/p_377.png
plantneg/p_378.png
plantneg/p_379.png
plantneg/p_38.png
plantneg/p_380.png
plantneg/p_381.png
plantneg/p_382.png
plantneg/p_385.png
plantneg/p_387.png
plantneg/p_389.png
plantneg/p_39.png
plantneg/p_390.png
plantneg/p_391.png
plantneg/p_392.png
plantneg/p_393.png
plantneg/p_394.png
plantneg/p_396.png
plantneg/p_397.png
plantneg/p_398.png
plantneg/p_399.png
plantneg/p_40.png
plantneg/p_400.png
plantneg/p_401.png
plantneg/p_402.png
plantneg/p_403.png
plantneg/p_405.png
plantneg/p_406.png
plantneg/p_407.png
plantneg/p_408.png
plantneg/p_41.png
plantneg/p_410.png
plantneg/p_411.png
plantneg/p_412.png
plantneg/p_413.png
plantneg/p_415.png
plantneg/p_417.png
plantneg/p_418.png
plantneg/p_419.png
plantneg/p_42.png
plantneg/p_420.png
plantneg/p_421.png
plantneg/p_422.png
plantneg/p_423.png
plantneg/p_424.png
plantneg/p_425.png
plantneg/p_426.png
plantneg/p_428.png
plantneg/p_429.png
plantneg/p_430.png
plantneg/p_431.png
plantneg/p_432.png
plantneg/p_433.png
plantneg/p_434.png
plantneg/p_435.png
plantneg/p_436.png
plantneg/p_437.png
plantneg/p_438.png
plantneg/p_439.png
plantneg/p_44.png
plantneg/p_440.png
plantneg/p_441.png
plantneg/p_443.png
plantneg/p_444.png
plantneg/p_445.png
plantneg/p_446.png
plantneg/p_447.png
plantneg/p_449.png
plantneg/p_45.png
plantneg/p_450.png
plantneg/p_451.png
plantneg/p_452.png
plantneg/p_454.png
plantneg/p_455.png
plantneg/p_456.png
plantneg/p_46.png
plantneg/p_461.png
plantneg/p_462.png
plantneg/p_463.png
plantneg/p_465.png
plantneg/p_467.png
plantneg/p_469.png
plantneg/p_47.png
plantneg/p_472.png
plantneg/p_473.png
plantneg/p_474.png
plantneg/p_475.png
plantneg/p_477.png
plantneg/p_478.png
plantneg/p_479.png
plantneg/p_48.png
plantneg/p_480.png
plantneg/p_481.png
plantneg/p_482.png
plantneg/p_483.png
plantneg/p_484.png
plantneg/p_485.png
plantneg/p_486.png
plantneg/p_488.png
plantneg/p_49.png
plantneg/p_490.png
plantneg/p_494.png
plantneg/p_495.png
plantneg/p_496.png
plantneg/p_497.png
plantneg/p_498.png
plantneg/p_499.png
plantneg/p_5.png
plantneg/p_50.png
plantneg/p_501.png
plantneg/p_502.png
plantneg/p_503.png
plantneg/p_504.png
plantneg/p_507.png
plantneg/p_509.png
plantneg/p_51.png
plantneg/p_510.png
plantneg/p_511.png
plantneg/p_513.png
plantneg/p_514.png
plantneg/p_516.png
plantneg/p_517.png
plantneg/p_52.png
plantneg/p_520.png
plantneg/p_521.png
plantneg/p_522.png
plantneg/p_523.png
plantneg/p_524.png
plantneg/p_525.png
plantneg/p_526.png
plantneg/p_527.png
plantneg/p_529.png
plantneg/p_53.png
plantneg/p_531.png
plantneg/p_532.png
plantneg/p_533.png
plantneg/p_535.png
plantneg/p_536.png
plantneg/p_537.png
plantneg/p_538.png
plantneg/p_539.png
plantneg/p_54.png
plantneg/p_540.png
plantneg/p_541.png
plantneg/p_542.png
plantneg/p_543.png
plantneg/p_545.png
plantneg/p_547.png
plantneg/p_548.png
plantneg/p_549.png
plantneg/p_55.png
plantneg/p_550.png
plantneg/p_551.png
plantneg/p_555.png
plantneg/p_556.png
plantneg/p_557.png
plantneg/p_558.png
plantneg/p_56.png
plantneg/p_560.png
plantneg/p_562.png
plantneg/p_563.png
plantneg/p_564.png
plantneg/p_566.png
plantneg/p_567.png
plantneg/p_568.png
plantneg/p_569.png
plantneg/p_57.png
plantneg/p_570.png
plantneg/p_571.png
plantneg/p_572.png
plantneg/p_573.png
plantneg/p_574.png
plantneg/p_575.png
plantneg/p_576.png
plantneg/p_577.png
plantneg/p_578.png
plantneg/p_580.png
plantneg/p_581.png
plantneg/p_582.png
plantneg/p_583.png
plantneg/p_584.png
plantneg/p_586.png
plantneg/p_587.png
plantneg/p_588.png
plantneg/p_589.png
plantneg/p_59.png
plantneg/p_590.png
plantneg/p_591.png
plantneg/p_593.png
plantneg/p_594.png
plantneg/p_595.png
plantneg/p_596.png
plantneg/p_597.png
plantneg/p_598.png
plantneg/p_599.png
plantneg/p_6.png
plantneg/p_60.png
plantneg/p_600.png
plantneg/p_601.png
plantneg/p_602.png
plantneg/p_603.png
plantneg/p_604.png
plantneg/p_605.png
plantneg/p_606.png
plantneg/p_607.png
plantneg/p_608.png
plantneg/p_609.png
plantneg/p_61.png
plantneg/p_611.png
plantneg/p_612.png
plantneg/p_613.png
plantneg/p_614.png
plantneg/p_615.png
plantneg/p_616.png
plantneg/p_618.png
plantneg/p_62.png
plantneg/p_622.png
plantneg/p_624.png
plantneg/p_625.png
plantneg/p_626.png
plantneg/p_627.png
plantneg/p_629.png
plantneg/p_63.png
plantneg/p_630.png
plantneg/p_631.png
plantneg/p_632.png
plantneg/p_633.png
plantneg/p_634.png
plantneg/p_635.png
plantneg/p_636.png
plantneg/p_637.png
plantneg/p_638.png
plantneg/p_64.png
plantneg/p_641.png
plantneg/p_642.png
plantneg/p_643.png
plantneg/p_644.png
plantneg/p_648.png
plantneg/p_649.png
plantneg/p_650.png
plantneg/p_653.png
plantneg/p_654.png
plantneg/p_655.png
plantneg/p_657.png
plantneg/p_658.png
plantneg/p_659.png
plantneg/p_66.png
plantneg/p_660.png
plantneg/p_661.png
plantneg/p_662.png
plantneg/p_663.png
plantneg/p_664.png
plantneg/p_666.png
plantneg/p_667.png
plantneg/p_669.png
plantneg/p_67.png
plantneg/p_670.png
plantneg/p_671.png
plantneg/p_672.png
plantneg/p_68.png
plantneg/p_69.png
plantneg/p_7.png
plantneg/p_70.png
plantneg/p_72.png
plantneg/p_74.png
plantneg/p_76.png
plantneg/p_77.png
plantneg/p_78.png
plantneg/p_79.png
plantneg/p_8.png
plantneg/p_80.png
plantneg/p_81.png
plantneg/p_83.png
plantneg/p_84.png
plantneg/p_85.png
plantneg/p_86.png
plantneg/p_87.png
plantneg/p_88.png
plantneg/p_89.png
plantneg/p_9.png
plantneg/p_90.png
plantneg/p_92.png
plantneg/p_93.png
plantneg/p_94.png
plantneg/p_96.png
plantneg/p_97.png
plantneg/p_98.png
plantneg/p_99.png
